[Bootstrap]
SetupTitle=Instalar
SetupText=Copiando archivos, espere.
CabFile=SCM.CAB
Spawn=Setup1.exe
Uninstal=st6unst.exe
TmpDir=msftqws.pdw
Cabs=1

[Bootstrap Files]
File1=@VB6STKIT.DLL,$(WinSysPathSysFile),,,7/15/00 12:00:00 AM,101888,6.0.84.50
File2=@COMCAT.DLL,$(WinSysPathSysFile),$(DLLSelfRegister),,6/1/98 12:00:00 AM,22288,4.71.1460.1
File3=@MSVCRT40.DLL,$(WinSysPathSysFile),,,6/1/99 12:00:00 AM,326656,4.22.0.0
File4=@VB6ES.DLL,$(WinSysPath),,$(Shared),10/2/00 12:00:00 AM,119568,6.0.89.88
File5=@STDOLE2.TLB,$(WinSysPathSysFile),$(TLBRegister),,6/3/99 12:00:00 AM,17920,2.40.4275.1
File6=@ASYCFILT.DLL,$(WinSysPathSysFile),,,3/8/99 12:00:00 AM,147728,2.40.4275.1
File7=@OLEPRO32.DLL,$(WinSysPathSysFile),$(DLLSelfRegister),,3/8/99 12:00:00 AM,164112,5.0.4275.1
File8=@OLEAUT32.DLL,$(WinSysPathSysFile),$(DLLSelfRegister),,4/12/00 12:00:00 AM,598288,2.40.4275.1
File9=@MSVBVM60.DLL,$(WinSysPathSysFile),$(DLLSelfRegister),,2/23/04 12:00:00 AM,1386496,6.0.97.82

[IconGroups]
Group0=SCM PLus!
PrivateGroup0=-1
Parent0=$(Programs)

[SCM PLus!]
Icon1="SCM.exe"
Title1=SCM PLus! II
StartIn1=$(AppPath)

[Setup]
Title=SCM PLus! II
DefaultDir=$(ProgramFiles)\SCM PLus!
AppExe=SCM.exe
AppToUninstall=SCM.exe

[Setup1 Files]
File1=@Scm.Ini,$(AppPath),,,5/6/09 7:30:28 PM,401408,0.0.0.0
File2=@sg20u.ocx,$(WinSysPath),$(EXESelfRegister),$(Shared),5/5/03 8:52:24 AM,721592,2.0.0.1039
File3=@sg20Ou.ocx,$(WinSysPath),$(EXESelfRegister),$(Shared),5/5/03 8:52:30 AM,729784,2.0.0.1039
File4=@sg20.ocx,$(WinSysPath),$(EXESelfRegister),$(Shared),5/5/03 8:52:12 AM,723640,2.0.0.1039
File5=@WinXP.dll,$(WinSysPath),,,8/27/08 7:53:54 AM,1577592,12.1.0.0
File6=@Vista.dll,$(WinSysPath),,,8/27/08 7:53:54 AM,745592,12.1.0.0
File7=@Office2003.dll,$(WinSysPath),,,8/27/08 7:53:54 AM,541816,12.1.0.0
File8=@MDAC_TYP.EXE,$(AppPath),,$(Shared),8/7/98 12:00:00 AM,6477888,4.72.3110.0
File9=@RDO20ES.DLL,$(WinSysPath),,$(Shared),7/28/98 12:00:00 AM,66048,6.0.81.63
File10=@RDOCURS.DLL,$(WinSysPath),,$(Shared),8/2/00 12:00:00 AM,151552,6.0.88.4
File11=@MSRDO20.DLL,$(WinSysPath),$(DLLSelfRegister),$(Shared),2/23/04 12:00:00 AM,397824,6.1.97.82
File12=@MSPDOX35.DLL,$(WinSysPathSysFile),$(DLLSelfRegister),,4/25/98 12:00:00 AM,250128,3.51.623.0
File13=@MSLTUS35.DLL,$(WinSysPathSysFile),$(DLLSelfRegister),,4/25/98 12:00:00 AM,166160,3.51.623.0
File14=@MSTEXT35.DLL,$(WinSysPathSysFile),$(DLLSelfRegister),,4/25/98 12:00:00 AM,165648,3.51.623.0
File15=@MSEXCH35.DLL,$(WinSysPath),$(DLLSelfRegister),$(Shared),4/25/98 12:00:00 AM,330000,3.51.623.0
File16=@MSEXCL35.DLL,$(WinSysPathSysFile),$(DLLSelfRegister),,4/25/98 12:00:00 AM,250128,3.51.623.2
File17=@MSXBSE35.DLL,$(WinSysPathSysFile),$(DLLSelfRegister),,4/25/98 12:00:00 AM,287504,3.51.623.0
File18=@MSCC2ES.DLL,$(WinSysPath),,$(Shared),7/28/98 12:00:00 AM,60928,6.0.81.63
File19=@mscomct2.ocx,$(WinSysPath),$(DLLSelfRegister),$(Shared),3/9/04 12:00:00 AM,662288,6.1.97.82
File20=@btListDb.ocx,$(WinSysPath),$(DLLSelfRegister),$(Shared),3/27/09 7:40:39 PM,389120,1.0.0.0
File21=@Codejock.TaskPanel.v12.1.1.ocx,$(WinSysPath),$(DLLSelfRegister),$(Shared),11/28/08 12:32:38 PM,866224,12.1.1.0
File22=@AResize.ocx,$(WinSysPath),$(DLLSelfRegister),$(Shared),4/13/05 4:00:00 AM,331784,3.3.0.21
File23=@SmartUI2.ocx,$(WinSysPath),$(DLLSelfRegister),$(Shared),4/27/05 1:28:18 PM,874248,2.0.0.5228
File24=@Codejock.SkinFramework.v12.1.1.ocx,$(WinSysPath),$(DLLSelfRegister),$(Shared),11/28/08 12:32:36 PM,559024,12.1.1.0
File25=@sg20o.ocx,$(WinSysPath),$(DLLSelfRegister),$(Shared),5/5/03 9:52:18 AM,732344,2.0.0.1039
File26=@MSCH2ES.DLL,$(WinSysPath),,$(Shared),7/28/98 12:00:00 AM,108032,6.0.81.63
File27=@MSCHRT20.OCX,$(WinSysPath),$(DLLSelfRegister),$(Shared),3/9/04 12:00:00 AM,1010720,6.0.88.4
File28=@MSCMCES.DLL,$(WinSysPath),,$(Shared),7/28/98 12:00:00 AM,140800,6.0.81.63
File29=@MSCOMCTL.OCX,$(WinSysPath),$(DLLSelfRegister),$(Shared),4/15/05 6:58:16 PM,1071088,6.1.97.86
File30=@DATGDES.DLL,$(WinSysPath),,$(Shared),7/28/98 12:00:00 AM,30208,6.0.81.63
File31=@STDFTES.DLL,$(WinSysPath),,$(Shared),7/31/98 12:00:00 AM,6656,6.0.81.63
File32=@MSSTDFMT.DLL,$(WinSysPath),$(DLLSelfRegister),$(Shared),12/31/07 4:56:58 AM,129024,6.1.98.4
File33=@MSDATGRD.OCX,$(WinSysPath),$(DLLSelfRegister),$(Shared),3/9/04 12:00:00 AM,275216,6.1.97.82
File34=@ADODCES.DLL,$(WinSysPath),,$(Shared),7/28/98 12:00:00 AM,15872,6.0.81.63
File35=@MSADODC.OCX,$(WinSysPath),$(DLLSelfRegister),$(Shared),3/9/04 12:00:00 AM,131856,6.1.97.82
File36=@CMDLGES.DLL,$(WinSysPath),,$(Shared),7/28/98 12:00:00 AM,33280,6.0.81.63
File37=@COMDLG32.OCX,$(WinSysPath),$(DLLSelfRegister),$(Shared),3/9/04 12:00:00 AM,152848,6.1.97.82
File38=@TABCTES.DLL,$(WinSysPath),,$(Shared),7/28/98 12:00:00 AM,21504,6.0.81.63
File39=@TABCTL32.OCX,$(WinSysPath),$(DLLSelfRegister),$(Shared),3/9/04 12:00:00 AM,224016,6.1.97.82
File40=@MSMSKES.DLL,$(WinSysPath),,$(Shared),7/28/98 12:00:00 AM,20480,6.0.81.63
File41=@MSMASK32.OCX,$(WinSysPath),$(DLLSelfRegister),$(Shared),3/9/04 12:00:00 AM,167968,6.0.84.18
File42=@DBGRDES.DLL,$(WinSysPath),,$(Shared),7/28/98 12:00:00 AM,34304,1.0.0.126
File43=@DBGRID32.OCX,$(WinSysPath),$(DLLSelfRegister),$(Shared),8/7/98 12:00:00 AM,525352,5.1.81.4
File44=@CMCTLES.DLL,$(WinSysPath),,$(Shared),7/28/98 12:00:00 AM,100352,6.0.80.22
File45=@COMCTL32.OCX,$(WinSysPath),$(DLLSelfRegister),$(Shared),3/9/04 12:00:00 AM,609824,6.0.81.5
File46=@FormPrincII.dll,$(WinSysPath),$(DLLSelfRegister),$(Shared),5/6/09 7:13:52 PM,16138240,1.0.0.0
File47=@AsistScmII.dll,$(WinSysPath),$(DLLSelfRegister),$(Shared),5/6/09 7:04:22 PM,24576,1.0.0.0
File48=@ScmAyudII.dll,$(WinSysPath),$(DLLSelfRegister),$(Shared),5/6/09 7:04:58 PM,962560,1.0.0.0
File49=@MenPrincII.dll,$(WinSysPath),$(DLLSelfRegister),$(Shared),5/6/09 7:08:43 PM,901120,1.0.0.0
File50=@FormModalII.dll,$(WinSysPath),$(DLLSelfRegister),$(Shared),5/6/09 7:07:41 PM,7016448,1.0.0.0
File51=@CodeSqlII.dll,$(WinSysPath),$(DLLSelfRegister),$(Shared),5/6/09 7:04:30 PM,77824,1.0.0.0
File52=@Seguridad.dll,$(WinSysPath),$(DLLSelfRegister),$(Shared),2/17/09 11:02:34 AM,40960,1.0.0.0
File53=@Actbar3.ocx,$(WinSysPath),$(DLLSelfRegister),$(Shared),1/25/06 11:38:54 AM,933960,3.0.0.142
File54=@SQLDMO.dll,$(AppPath),,$(Shared),8/6/00 9:51:14 AM,4194368,2000.80.194.0
File55=@p3smnes.dll,$(WinSysPath),,$(Shared),7/5/03 7:07:10 AM,36864,8.0.0.15
File56=@P2smon.dll,$(WinSysPath),,$(Shared),7/5/03 7:07:18 AM,147456,8.0.0.15
File57=@Crpaig80.dll,$(WinSysPath),,$(Shared),7/5/03 7:07:12 AM,618496,8.0.1.1
File58=@Implode.dll,$(AppPath),,$(Shared),7/5/03 7:07:16 AM,17920,0.0.0.0
File59=@craxdrt.dll,$(WinSysPath),$(DLLSelfRegister),$(Shared),7/5/03 7:05:56 AM,5550080,8.0.0.371
File60=@crviewer.dll,$(WinSysPath),$(DLLSelfRegister),$(Shared),7/5/03 7:06:12 AM,548864,8.0.0.387
File61=@VB5DB.DLL,$(WinSysPath),,$(Shared),6/18/98 12:00:00 AM,89360,6.0.81.69
File62=@MSREPL35.DLL,$(WinSysPathSysFile),,,6/13/00 12:00:00 AM,415504,3.51.2404.0
File63=@MSRD2X35.DLL,$(WinSysPathSysFile),$(DLLSelfRegister),,4/25/98 12:00:00 AM,252176,3.51.623.0
File64=@expsrv.dll,$(WinSysPathSysFile),,,8/19/04 7:42:08 PM,380957,6.0.72.9589
File65=@vbajet32.dll,$(WinSysPathSysFile),,,8/19/04 7:42:28 PM,30749,6.0.1.9431
File66=@MSJINT35.DLL,$(WinSysPathSysFile),,,7/8/98 12:00:00 AM,146192,3.51.623.0
File67=@MSJTER35.DLL,$(WinSysPathSysFile),,,4/25/98 12:00:00 AM,24848,3.51.623.0
File68=@MSJET35.DLL,$(WinSysPathSysFile),$(DLLSelfRegister),,6/13/00 12:00:00 AM,1046288,3.51.2723.0
File69=@DAO350.DLL,$(MSDAOPath),$(DLLSelfRegister),$(Shared),2/24/00 5:07:14 PM,570128,3.51.1608.0
File70=@MSBIND.DLL,$(WinSysPath),$(DLLSelfRegister),$(Shared),2/23/04 12:00:00 AM,78848,6.1.97.82
File71=@SCM.exe,$(AppPath),,,5/6/09 7:17:07 PM,2187264,5.0.0.0

; Puede eliminar las siguientes líneas para obtener espacio adicional 
; con el fin de personalizar este archivo en un disco de instalación completa.
; 
; XXXXXXXXXXXXXXXXXXXXXXXXXXXXXXXXXXXXXXXXXXXXXXXXXXXXXXXXXXXX
; XXXXXXXXXXXXXXXXXXXXXXXXXXXXXXXXXXXXXXXXXXXXXXXXXXXXXXXXXXXX
; XXXXXXXXXXXXXXXXXXXXXXXXXXXXXXXXXXXXXXXXXXXXXXXXXXXXXXXXXXXX
; XXXXXXXXXXXXXXXXXXXXXXXXXXXXXXXXXXXXXXXXXXXXXXXXXXXXXXXXXXXX
; XXXXXXXXXXXXXXXXXXXXXXXXXXXXXXXXXXXXXXXXXXXXXXXXXXXXXXXXXXXX
; XXXXXXXXXXXXXXXXXXXXXXXXXXXXXXXXXXXXXXXXXXXXXXXXXXXXXXXXXXXX
; XXXXXXXXXXXXXXXXXXXXXXXXXXXXXXXXXXXXXXXXXXXXXXXXXXXXXXXXXXXX
; XXXXXXXXXXXXXXXXXXXXXXXXXXXXXXXXXXXXXXXXXXXXXXXXXXXXXXXXXXXX
; XXXXXXXXXXXXXXXXXXXXXXXXXXXXXXXXXXXXXXXXXXXXXXXXXXXXXXXXXXXX
; XXXXXXXXXXXXXXXXXXXXXXXXXXXXXXXXXXXXXXXXXXXXXXXXXXXXXXXXXXXX
; XXXXXXXXXXXXXXXXXXXXXXXXXXXXXXXXXXXXXXXXXXXXXXXXXXXXXXXXXXXX
; XXXXXXXXXXXXXXXXXXXXXXXXXXXXXXXXXXXXXXXXXXXXXXXXXXXXXXXXXXXX
; XXXXXXXXXXXXXXXXXXXXXXXXXXXXXXXXXXXXXXXXXXXXXXXXXXXXXXXXXXXX
; XXXXXXXXXXXXXXXXXXXXXXXXXXXXXXXXXXXXXXXXXXXXXXXXXXXXXXXXXXXX
; XXXXXXXXXXXXXXXXXXXXXXXXXXXXXXXXXXXXXXXXXXXXXXXXXXXXXXXXXXXX
; XXXXXXXXXXXXXXXXXXXXXXXXXXXXXXXXXXXXXXXXXXXXXXXXXXXXXXXXXXXX
; XXXXXXXXXXXXXXXXXXXXXXXXXXXXXXXXXXXXXXXXXXXXXXXXXXXXXXXXXXXX
; XXXXXXXXXXXXXXXXXXXXXXXXXXXXXXXXXXXXXXXXXXXXXXXXXXXXXXXXXXXX
; XXXXXXXXXXXXXXXXXXXXXXXXXXXXXXXXXXXXXXXXXXXXXXXXXXXXXXXXXXXX
; XXXXXXXXXXXXXXXXXXXXXXXXXXXXXXXXXXXXXXXXXXXXXXXXXXXXXXXXXXXX
; XXXXXXXXXXXXXXXXXXXXXXXXXXXXXXXXXXXXXXXXXXXXXXXXXXXXXXXXXXXX
; XXXXXXXXXXXXXXXXXXXXXXXXXXXXXXXXXXXXXXXXXXXXXXXXXXXXXXXXXXXX
; XXXXXXXXXXXXXXXXXXXXXXXXXXXXXXXXXXXXXXXXXXXXXXXXXXXXXXXXXXXX
; XXXXXXXXXXXXXXXXXXXXXXXXXXXXXXXXXXXXXXXXXXXXXXXXXXXXXXXXXXXX
; XXXXXXXXXXXXXXXXXXXXXXXXXXXXXXXXXXXXXXXXXXXXXXXXXXXXXXXXXXXX
; XXXXXXXXXXXXXXXXXXXXXXXXXXXXXXXXXXXXXXXXXXXXXXXXXXXXXXXXXXXX
; XXXXXXXXXXXXXXXXXXXXXXXXXXXXXXXXXXXXXXXXXXXXXXXXXXXXXXXXXXXX
; XXXXXXXXXXXXXXXXXXXXXXXXXXXXXXXXXXXXXXXXXXXXXXXXXXXXXXXXXXXX
; XXXXXXXXXXXXXXXXXXXXXXXXXXXXXXXXXXXXXXXXXXXXXXXXXXXXXXXXXXXX
; XXXXXXXXXXXXXXXXXXXXXXXXXXXXXXXXXXXXXXXXXXXXXXXXXXXXXXXXXXXX
; XXXXXXXXXXXXXXXXXXXXXXXXXXXXXXXXXXXXXXXXXXXXXXXXXXXXXXXXXXXX
; XXXXXXXXXXXXXXXXXXXXXXXXXXXXXXXXXXXXXXXXXXXXXXXXXXXXXXXXXXXX
; XXXXXXXXXXXXXXXXXXXXXXXXXXXXXXXXXXXXXXXXXXXXXXXXXXXXXXXXXXXX
; XXXXXXXXXXXXXXXXXXXXXXXXXXXXXXXXXXXXXXXXXXXXXXXXXXXXXXXXXXXX
; XXXXXXXXXXXXXXXXXXXXXXXXXXXXXXXXXXXXXXXXXXXXXXXXXXXXXXXXXXXX
